// Jest Snapshot v1, https://goo.gl/fbAQLP

exports[`should build with custom tsconfig filename in standalone package: declarations/src/index.d.ts 1`] = `
"export declare const thing: "custom-config";
"
`;

exports[`should build with custom tsconfig filename in standalone package: typescript-custom-config.cjs.d.ts 1`] = `
"export * from "./declarations/src/index.js";
//# sourceMappingURL=data:application/json;charset=utf-8;base64,eyJ2ZXJzaW9uIjozLCJmaWxlIjoidHlwZXNjcmlwdC1jdXN0b20tY29uZmlnLmNqcy5kLnRzIiwic291cmNlUm9vdCI6IiIsInNvdXJjZXMiOlsiLi9kZWNsYXJhdGlvbnMvc3JjL2luZGV4LmQudHMiXSwibmFtZXMiOltdLCJtYXBwaW5ncyI6IkFBQUEifQ==
"
`;

exports[`should build with custom tsconfig filename in standalone package: typescript-custom-config.cjs.dev.js 1`] = `
"'use strict';

Object.defineProperty(exports, '__esModule', { value: true });

const thing = "custom-config";

exports.thing = thing;
"
`;

exports[`should build with custom tsconfig filename in standalone package: typescript-custom-config.cjs.js 1`] = `
"'use strict';

if (process.env.NODE_ENV === "production") {
  module.exports = require("./typescript-custom-config.cjs.prod.js");
} else {
  module.exports = require("./typescript-custom-config.cjs.dev.js");
}
"
`;

exports[`should build with custom tsconfig filename in standalone package: typescript-custom-config.cjs.prod.js 1`] = `
"'use strict';

Object.defineProperty(exports, '__esModule', { value: true });

const thing = "custom-config";

exports.thing = thing;
"
`;

exports[`should build with custom tsconfig filename in standalone package: typescript-custom-config.esm.js 1`] = `
"const thing = "custom-config";

export { thing };
"
`;
